// Jest Snapshot v1, https://goo.gl/fbAQLP

exports[`<Loader /> should Match Snapshot 1`] = `
<div
  className="Loader"
>
  <img
    alt="spinner.svg"
    src="spinner.svg"
  />
</div>
`;
